// Jest Snapshot v1, https://goo.gl/fbAQLP

exports[`<Button /> rendering Danger Button 1`] = `ReactWrapper {}`;

exports[`<Button /> rendering Href Button 1`] = `ReactWrapper {}`;

exports[`<Button /> rendering Secondary Button 1`] = `ReactWrapper {}`;

exports[`<Button /> rendering Small Button 1`] = `ReactWrapper {}`;

exports[`<Button /> rendering block Button 1`] = `ReactWrapper {}`;

exports[`<Button /> rendering no props 1`] = `ReactWrapper {}`;
