// Jest Snapshot v1, https://goo.gl/fbAQLP

exports[`<ContributorsBadge /> rendering contrib 1`] = `ReactWrapper {}`;

exports[`<ContributorsBadge /> rendering not contrib 1`] = `ReactWrapper {}`;
