size: 7
data: 100,-56,50,25,10,77,123
loop: 100 -56 50 25 10 77 123 
texto
$
5 : 10,30,20,11,88
fscanfed: 10 - hello
5 bytes to dev/null: 5
ok.
