// Jest Snapshot v1, https://goo.gl/fbAQLP

exports[`<Preference /> rendering boolean 1`] = `ReactWrapper {}`;

exports[`<Preference /> rendering dropdown 1`] = `ReactWrapper {}`;

exports[`<Preference /> rendering string 1`] = `ReactWrapper {}`;

exports[`<Preference /> rendering string 2`] = `ReactWrapper {}`;

exports[`<Preference /> rendering string 3`] = `ReactWrapper {}`;

exports[`<Preference /> rendering string 4`] = `ReactWrapper {}`;

exports[`<Preference /> rendering string 5`] = `ReactWrapper {}`;

exports[`<Preference /> rendering string 6`] = `ReactWrapper {}`;

exports[`<Preference /> rendering string 7`] = `ReactWrapper {}`;

exports[`<Preference /> rendering string 8`] = `ReactWrapper {}`;

exports[`<Preference /> rendering string 9`] = `ReactWrapper {}`;

exports[`<Preference /> rendering string 10`] = `ReactWrapper {}`;

exports[`<Preference /> rendering string 11`] = `ReactWrapper {}`;
