// Jest Snapshot v1, https://goo.gl/fbAQLP

exports[`<ProgressButton /> rendering basic 1`] = `ReactWrapper {}`;

exports[`<ProgressButton /> rendering disabled 1`] = `ReactWrapper {}`;

exports[`<ProgressButton /> rendering loading 1`] = `ReactWrapper {}`;
