// Jest Snapshot v1, https://goo.gl/fbAQLP

exports[`<AutosizeTextArea /> rendering renders correctly 1`] = `ReactWrapper {}`;
