// Jest Snapshot v1, https://goo.gl/fbAQLP

exports[`<Notice /> rendering basic 1`] = `ReactWrapper {}`;
