// Jest Snapshot v1, https://goo.gl/fbAQLP

exports[`<RunOnClick /> rendering basic 1`] = `ReactWrapper {}`;
