// Jest Snapshot v1, https://goo.gl/fbAQLP

exports[`<Navigation /> rendering basic 1`] = `ReactWrapper {}`;
